# testbed.map
name: TESTBED
size: 32x32
spawn: 16.5, 27.5 facing=N
role: test
author: maintainer
next: BACKROOMS

[grid]
################X###############
#..............................#
#..............................#
#..............................#
#..............................#
#..............................#
#..............................#
#..............................#
#..............................#
#..............................#
#..............................#
#..............................#
#..............................#
#..............................#
#..............................#
#..............................#
#..............................#
#..............................#
#..............................#
#..............................#
#..............................#
#..............................#
#..............................#
#..............................#
#..............................#
#..............................#
#..............................#
#..............................#
#..............................#
#..............................#
#..............................#
################################

[crawl]
20,4 dir=E len=9

[partitions]
3,3 -> 3,8  style=chevron height=full crawl=no
6,3 -> 6,8  style=spotted height=low crawl=no
9,3 -> 9,8  style=chevron height=half crawl=no
12,3 -> 12,8  style=spotted height=half crawl=no

[decals]
neanderthal 12.5,21.5 face=S
neanderthal 13.5,21.5 face=S
neanderthal 14.5,21.5 face=S

[dark]
2,13 -> 8,19

[lights]
12,11
16,11
20,11
26,11
12,16
16,16
20,16
26,16
12,21
16,21
20,21
26,21
12,26
16,26
20,26
26,26
5,11
24,11

[options]
place_outlets: 4
place_exit_door: 1
lobby_ceiling: 0
